Summary
CRs with diffs: 0/1
CRs in reference missing from the cluster: 5
ExamplePart1:
  Dashboard1:
  - cm.yaml
  Dashboard2:
  - deploymentDashboard.yaml
  - deploymentMetrics.yaml
ExamplePart2:
  Dashboard1:
  - cr.yaml
  Dashboard2:
  - crb.yaml
No CRs are unmatched to reference CRs
Metadata Hash: 98dca024e0509f46f0a228da2ad61b98804a3f4b5a7ad1ac31d41b46812c32ea
