More then one template with same apiVersion, metadata_namespace, kind. These templates wont be used for correlation. To use them use different correlator (manual matching) or remove one of them from the reference.  Template names are: apps.v1.DaemonSet.kube-system.kindnet.yaml, apps.v1.DaemonSet.kube-system.kindnet2.yaml

**********************************

Summary
CRs with diffs: 0
CRs in reference missing from the cluster: 1
ExamplePart:
  DemonSets:
  - apps.v1.DaemonSet.kube-system.kindnet.yaml
Cluster CRs unmatched to reference CRs: 1
- apps/v1_DaemonSet_SomeNS_Name
