Pre-processing template apps.v1.DaemonSet.kube-system.kindnet.yaml with empty data
Pre-processing template apps.v1.DaemonSet.kube-system.kindnet2.yaml with empty data
more than one template with same apiVersion, metadata_namespace, kind: by default for each cluster CR that is correlated to one of these templates the template with the least number of diffs will be used; to use a different template for a specific CR specify it in the diff-config (-c flag); template names are: apps.v1.DaemonSet.kube-system.kindnet.yaml, apps.v1.DaemonSet.kube-system.kindnet2.yaml
Loading object apps/v1_DaemonSet_SomeNS_Name
Executing template apps.v1.DaemonSet.kube-system.kindnet.yaml
Executing template apps.v1.DaemonSet.kube-system.kindnet2.yaml
Found 2 matches for apps/v1_DaemonSet_SomeNS_Name
 - apps.v1.DaemonSet.kube-system.kindnet.yaml - Diff score: 13
 - apps.v1.DaemonSet.kube-system.kindnet2.yaml - Diff score: 14
**********************************

Cluster CR: apps/v1_DaemonSet_SomeNS_Name
Reference File: apps.v1.DaemonSet.kube-system.kindnet.yaml
Diff Output: diff -u -N TEMP/apps-v1_daemonset_somens_name TEMP/apps-v1_daemonset_somens_name
--- TEMP/apps-v1_daemonset_somens_name	DATE
+++ TEMP/apps-v1_daemonset_somens_name	DATE
@@ -7,4 +7,5 @@
     app: kindnet
     k8s-app: kindnet
     tier: node
+  name: Name
   namespace: SomeNS

**********************************

Summary
CRs with diffs: 1/1
No validation issues with the cluster
No CRs are unmatched to reference CRs
Metadata Hash: $METADATA_HASH$
No patched CRs
