The reference contains overlapping object definitions which may result in unexpected correlation results. Re-run with '--verbose' output enabled to view a detailed description of the issues
**********************************

Cluster CR: apps/v1_DaemonSet_SomeNS_Name
Reference File: apps.v1.DaemonSet.kube-system.kindnet.yaml
Diff Output: diff -u -N TEMP/apps-v1_daemonset_somens_name TEMP/apps-v1_daemonset_somens_name
--- TEMP/apps-v1_daemonset_somens_name	DATE
+++ TEMP/apps-v1_daemonset_somens_name	DATE
@@ -7,4 +7,5 @@
     app: kindnet
     k8s-app: kindnet
     tier: node
+  name: Name
   namespace: SomeNS

**********************************

Summary
CRs with diffs: 1/1
No validation issues with the cluster
No CRs are unmatched to reference CRs
Metadata Hash: $METADATA_HASH$
No patched CRs
