More then one template with same apiVersion, metadata_namespace, kind. By Default for each Cluster CR that is correlated to one of these templates the template with the least number of diffs will be used. To use a different template for a specific CR specify it in the diff-config (-c flag) Template names are: apps.v1.DaemonSet.kube-system.kindnet.yaml, apps.v1.DaemonSet.kube-system.kindnet2.yaml
Summary
CRs with diffs: 0/0
CRs in reference missing from the cluster: 1
ExamplePart:
  DemonSets:
  - apps.v1.DaemonSet.kube-system.kindnet.yaml
Cluster CRs unmatched to reference CRs: 3
- apps/v1_DaemonSet_SomeNS_Test1
- apps/v1_DaemonSet_SomeNS_Test2
- apps/v1_DaemonSet_SomeNS_Name
