
**********************************

Cluster CR: apps/v1_Deployment_kubernetes-dashboard_dashboard-metrics-scraper
Reference File: deploymentMetrics.yaml
Diff Output: None

**********************************

Cluster CR: apps/v1_Deployment_kubernetes-dashboard_kubernetes-dashboard
Reference File: deploymentMetrics.yaml
Diff Output: None

**********************************

Cluster CR: apps/v1_Deployment_kubernetes-dashboard_kubernetes-dashboard
Reference File: deploymentMetrics.yaml
Diff Output: None

**********************************

Summary
Diff count: 0
Successfully found all required reference resources from the cluster
Successfully compared all reference resources
