**********************************

Cluster CR: v1_ConfigMap_kubernetes-dashboard_kubernetes-dashboard-settings
Reference File: cm-regex-with-diff.yaml
Diff Output: diff -u -N TEMP/v1_configmap_kubernetes-dashboard_kubernetes-dashboard-settings TEMP/v1_configmap_kubernetes-dashboard_kubernetes-dashboard-settings
--- TEMP/v1_configmap_kubernetes-dashboard_kubernetes-dashboard-settings	DATE
+++ TEMP/v1_configmap_kubernetes-dashboard_kubernetes-dashboard-settings	DATE
@@ -8,4 +8,4 @@
 spec:
   bigTextBlock: |-
     This is a big text block with some static content, like this line.
-    It also has a place where (?P<username>[0-9]+) would put in their own name. (?P<username>[0-9]+) would put in their own name.
+    It also has a place where exampleuser would put in their own name. exampleuser would put in their own name.

**********************************

Summary
CRs with diffs: 1/1
No validation issues with the cluster
No CRs are unmatched to reference CRs
Metadata Hash: 2966b27f0a4b3f5cb43189b61a8d129ffd2f4006dc1bea20df4d9b456a0957ec
No patched CRs
