**********************************

Cluster CR: config.openshift.io/v1_ClusterVersion_version
Reference File: cv-4.19.yaml
Diff Output: diff -u -N TEMP/config-openshift-io-v1_clusterversion_version TEMP/config-openshift-io-v1_clusterversion_version
--- TEMP/config-openshift-io-v1_clusterversion_version	DATE
+++ TEMP/config-openshift-io-v1_clusterversion_version	DATE
@@ -67,7 +67,7 @@
     type: Upgradeable
   desired:
     image: registry.redhat.com/openshift-release-dev/ocp-release@sha256:e87292db8d5790f7059d90a449feab27aaa3299ac22f05f12b9bc9609468f67d
-    version: 4.19.*
+    version: 4.18.0-ec.1
   history:
   - completionTime: "TIME"
     image: registry.redhat.com/openshift-release-dev/ocp-release@sha256:e87292db8d5790f7059d90a449feab27aaa3299ac22f05f12b9bc9609468f67d

**********************************

Summary
CRs with diffs: 1/1
No validation issues with the cluster
No CRs are unmatched to reference CRs
Metadata Hash: $METADATA_HASH$
No patched CRs
