Summary
CRs with diffs: 0/0
CRs in reference missing from the cluster: 2
ExamplePart:
  Dashboard:
    Missing CRs:
    - deploymentDashboard.yaml
    - deploymentMetrics.yaml
No CRs are unmatched to reference CRs
Metadata Hash: aa4c94f1307788e1da81f57718a9f1364d35d4ff6099fc633724bcf9d051a094
No patched CRs
