**********************************

Cluster CR: apps/v1_Deployment_kubernetes-dashboard_different
Reference File: deploymentDashboard.yaml
Diff Output: diff -u -N TEMP/apps-v1_deployment_kubernetes-dashboard_different TEMP/apps-v1_deployment_kubernetes-dashboard_different
--- TEMP/apps-v1_deployment_kubernetes-dashboard_different	DATE
+++ TEMP/apps-v1_deployment_kubernetes-dashboard_different	DATE
@@ -3,7 +3,7 @@
 metadata:
   labels:
     k8s-app: kubernetes-dashboard
-  name: kubernetes-dashboard
+  name: different
   namespace: kubernetes-dashboard
 spec:
   replicas: 1

**********************************

Cluster CR: apps/v1_Deployment_changed_changed
Reference File: deploymentMetrics.yaml
Diff Output: diff -u -N TEMP/apps-v1_deployment_changed_changed TEMP/apps-v1_deployment_changed_changed
--- TEMP/apps-v1_deployment_changed_changed	DATE
+++ TEMP/apps-v1_deployment_changed_changed	DATE
@@ -3,8 +3,8 @@
 metadata:
   labels:
     k8s-app: dashboard-metrics-scraper
-  name: dashboard-metrics-scraper
-  namespace: kubernetes-dashboard
+  name: changed
+  namespace: changed
 spec:
   replicas: 1
   revisionHistoryLimit: 10

**********************************

Summary
CRs with diffs: 2/2
No validation issues with the cluster
No CRs are unmatched to reference CRs
Metadata Hash: aa4c94f1307788e1da81f57718a9f1364d35d4ff6099fc633724bcf9d051a094
No patched CRs
