Reference Contains Templates With Types (kind) Not Supported By Cluster: ClusterRole, ClusterRoleBinding, ConfigMap, Deployment, Role, RoleBinding, Secret, Service, ServiceAccount

**********************************

Cluster CR: v1_Namespace_kubernetes-dashboard
Reference File: ns.yaml
Diff Output: None

**********************************

Summary
CRs with diffs: 0
CRs in reference missing from the cluster: 1
ExamplePart1:
  Dashboard1:
  - cm.yaml
No CRs are unmatched to reference CRs
