Diffs:
- CRName: apps/v1_Deployment_kubernetes-dashboard_kubernetes-dashboard
  CorrelatedTemplate: deploymentDashboard.yaml
  DiffOutput: "diff -u -N TEMP/apps-v1_deployment_kubernetes-dashboard_kubernetes-dashboard
    TEMP/apps-v1_deployment_kubernetes-dashboard_kubernetes-dashboard\n---
    TEMP/apps-v1_deployment_kubernetes-dashboard_kubernetes-dashboard\tDATE\n+++ TEMP/apps-v1_deployment_kubernetes-dashboard_kubernetes-dashboard\tDATE\n@@ -14,7 +14,7 @@\n   template:\n     metadata:\n       labels:\n-
    \       k8s-app: kubernetes-dashboard\n+        k8s-app: kubernetes-dashboard-diff\n
    \    spec:\n       containers:\n       - args:\n"
Summary:
  MetadataHash: f077accb087abd9b771f530230261cf5de002fe007c62a2bae1c11e1a516cec8
  NumDiffCRs: 1
  NumMissing: 1
  TotalCRs: 1
  UnmatchedCRS: []
  ValidationIssuses:
    ExamplePart:
      Dashboard:
        CRs:
        - deploymentMetrics.yaml
        Msg: Missing CRs
  patchedCRs: 0
