**********************************

Cluster CR: v1_ConfigMap_kubernetes-dashboard_kubernetes-dashboard-settings
Reference File: cm-with-diff-between-capturegroups.yaml
Diff Output: diff -u -N TEMP/v1_configmap_kubernetes-dashboard_kubernetes-dashboard-settings TEMP/v1_configmap_kubernetes-dashboard_kubernetes-dashboard-settings
--- TEMP/v1_configmap_kubernetes-dashboard_kubernetes-dashboard-settings	DATE
+++ TEMP/v1_configmap_kubernetes-dashboard_kubernetes-dashboard-settings	DATE
@@ -9,5 +9,5 @@
   list:
   - bigTextBlock: |-
       This is a big text block with some static content, like this line.
-      It also has a place where exampleuser would put NEW TEXT in their own name. exampleuser would put in their own name.
+      It also has a place where exampleuser would put in their own name. exampleuser would put in their own name.
       More complicated [capture groups] are also allowed.

**********************************

Summary
CRs with diffs: 1/1
No validation issues with the cluster
No CRs are unmatched to reference CRs
Metadata Hash: 8dc383ef1094f008b5964b1cd7359cbed7d9aa0803b0e5c0732292234575c01f
No patched CRs
