Skipping during Input contains additional files from supported file extensions (json/yaml) that do not contain a valid resource, error: :]`.
 In case this file is expected to be a valid resource modify it accordingly. 
Summary
CRs with diffs: 0/0
CRs in reference missing from the cluster: 1
ExamplePart:
  DemonSets:
    Missing CRs:
    - cm-invalid-capturegroups-late-detection.yaml
Cluster CRs unmatched to reference CRs: 1
- v1_ConfigMap_kubernetes-dashboard_kubernetes-dashboard-settings
Metadata Hash: $METADATA_HASH$
No patched CRs
