**********************************

Cluster CR: v1_ConfigMap_kubernetes-dashboard_kubernetes-dashboard-settings
Reference File: cm-with-mismatched-capturegroups.yaml
Diff Output: diff -u -N TEMP/v1_configmap_kubernetes-dashboard_kubernetes-dashboard-settings TEMP/v1_configmap_kubernetes-dashboard_kubernetes-dashboard-settings
--- TEMP/v1_configmap_kubernetes-dashboard_kubernetes-dashboard-settings	DATE
+++ TEMP/v1_configmap_kubernetes-dashboard_kubernetes-dashboard-settings	DATE
@@ -8,7 +8,6 @@
 spec:
   list:
   - bigTextBlock: |-
-      This is a big (?<test>=text) block with some static (?<test>=text), like this line.
-      It also has a place where exampleuser would put in their own name. exampleuser would put in their (?<test>=text).
+      This is a big text block with some static content, like this line.
+      It also has a place where exampleuser would put in their own name. exampleuser would put in their own name.
       More complicated [capture groups] are also allowed.
-      WARNING: Capturegroup (?<test>…) matched multiple values: « text | content | own name »

**********************************

Summary
CRs with diffs: 1/1
No validation issues with the cluster
No CRs are unmatched to reference CRs
Metadata Hash: 8637821fdd401fb34334081e00db1c39a8270ad349e80e081ee9a0a60c0726e4
No patched CRs
