**********************************

Cluster CR: v1_ConfigMap_kubernetes-dashboard_kubernetes-dashboard-settings
Reference File: cm-with-diff.yaml
Diff Output: diff -u -N TEMP/v1_configmap_kubernetes-dashboard_kubernetes-dashboard-settings TEMP/v1_configmap_kubernetes-dashboard_kubernetes-dashboard-settings
--- TEMP/v1_configmap_kubernetes-dashboard_kubernetes-dashboard-settings	DATE
+++ TEMP/v1_configmap_kubernetes-dashboard_kubernetes-dashboard-settings	DATE
@@ -9,5 +9,5 @@
   list:
   - bigTextBlock: |-
       This is a big text block with some static content, like this line.
-      It also has a place where (?<username>[0-9]+) would put in their own name. (?<username>[0-9]+) would put in their own name.
+      It also has a place where exampleuser would put in their own name. exampleuser would put in their own name.
       More complicated [capture groups] are also allowed.

**********************************

Summary
CRs with diffs: 1/1
No validation issues with the cluster
No CRs are unmatched to reference CRs
Metadata Hash: e7ef65b0bc5825001bbbc84b3a8f551e96a91ca9e1ba7b8ae4c75e68a6344ae3
No patched CRs
