Skipping failed: Input contains additional files from supported file extensions (json/yaml) that do not contain a valid resource, error: :]`.
 In case this file is expected to be a valid resource modify it accordingly. 
Summary
CRs with diffs: 0/0
CRs in reference missing from the cluster: 1
ExamplePart:
  DemonSets:
    Missing CRs:
    - cm-invalid-capturegroups-late-detection.yaml
Cluster CRs unmatched to reference CRs: 1
- v1_ConfigMap_kubernetes-dashboard_kubernetes-dashboard-settings
Metadata Hash: 61996797cf2ba9ab48f3729788f1a08efd76e1aacce064e38d4d31d250408227
No patched CRs
