<?xml version="1.0" encoding="UTF-8"?>
<testsuites name="Comparison results of known valid reference configuration and a set of specific cluster CRs" tests="3" failures="2" errors="0" skipped="0" time="TIME">
	<testsuite tests="1" failures="1" skipped="0" time="TIME" name="Detected Differences Between Cluster CRs and Expected CRs" timestamp="TIME">
		<properties>
			<property name="MetadataHash" value="aa4c94f1307788e1da81f57718a9f1364d35d4ff6099fc633724bcf9d051a094"></property>
			<property name="TotalCRs" value="1"></property>
		</properties>
		<testcase classname="Matching Reference CR: deploymentMetrics.yaml" name="CR: apps/v1_Deployment_kubernetes-dashboard_dashboard-metrics-scraper" time="">
			<properties></properties>
			<failure message="Differences found in CR: apps/v1_Deployment_kubernetes-dashboard_dashboard-metrics-scraper, Compared To Reference CR: deploymentMetrics.yaml" type="Difference">diff -u -N TEMP/apps-v1_deployment_kubernetes-dashboard_dashboard-metrics-scraper TEMP/apps-v1_deployment_kubernetes-dashboard_dashboard-metrics-scraper&#xA;--- TEMP/apps-v1_deployment_kubernetes-dashboard_dashboard-metrics-scraper&#x9;DATE&#xA;+++ TEMP/apps-v1_deployment_kubernetes-dashboard_dashboard-metrics-scraper&#x9;DATE&#xA;@@ -10,7 +10,7 @@&#xA;   revisionHistoryLimit: 10&#xA;   selector:&#xA;     matchLabels:&#xA;-      k8s-app: dashboard-metrics-scraper&#xA;+      k8s-app: dashboard-metrics-scraper-diff&#xA;   template:&#xA;     metadata:&#xA;       labels:&#xA;</failure>
		</testcase>
	</testsuite>
	<testsuite tests="1" failures="1" skipped="0" time="TIME" name="Reference validation" timestamp="TIME">
		<properties>
			<property name="MetadataHash" value="aa4c94f1307788e1da81f57718a9f1364d35d4ff6099fc633724bcf9d051a094"></property>
			<property name="TotalCRs" value="1"></property>
		</properties>
		<testcase classname="Part:ExamplePart Component: Dashboard" name="Reference validation failure" time="">
			<properties></properties>
			<failure message="Missing CRs: deploymentDashboard.yaml" type="Validation Issue"></failure>
		</testcase>
	</testsuite>
	<testsuite tests="1" failures="0" skipped="0" time="TIME" name="Unmatched Cluster Resources" timestamp="TIME">
		<properties>
			<property name="MetadataHash" value="aa4c94f1307788e1da81f57718a9f1364d35d4ff6099fc633724bcf9d051a094"></property>
			<property name="TotalCRs" value="1"></property>
		</properties>
		<testcase classname="" name="All Cluster CRs are matched to reference CRs " time="">
			<properties></properties>
		</testcase>
	</testsuite>
</testsuites>
