
**********************************

Cluster CR: v1_Namespace_openshift-storage
Reference File: namespace.yaml
Diff Output: diff -u -N TEMP/v1_namespace_openshift-storage TEMP/v1_namespace_openshift-storage
--- TEMP/v1_namespace_openshift-storage	DATE
+++ TEMP/v1_namespace_openshift-storage	DATE
@@ -2,7 +2,19 @@
 kind: Namespace
 metadata:
   annotations:
-    workload.openshift.io/allowed: management
+    openshift.io/sa.scc.mcs: s0:c29,c14
+    openshift.io/sa.scc.supplemental-groups: 1000840000/10000
+    openshift.io/sa.scc.uid-range: 1000840000/10000
+    reclaimspace.csiaddons.openshift.io/schedule: '@weekly'
   labels:
-    openshift.io/cluster-monitoring: "true"
+    kubernetes.io/metadata.name: openshift-storage
+    olm.operatorgroup.uid/ffcf3f2d-3e37-4772-97bc-983cdfce128b: ""
+    pod-security.kubernetes.io/audit: privileged
+    pod-security.kubernetes.io/audit-version: v1.24
+    pod-security.kubernetes.io/warn: privileged
+    pod-security.kubernetes.io/warn-version: v1.24
+    security.openshift.io/scc.podSecurityLabelSync: "true"
   name: openshift-storage
+spec:
+  finalizers:
+  - kubernetes

**********************************

Summary
CRs with diffs: 1
No CRs are missing from the cluster
No CRs are unmatched to reference CRs
