There may be an issue with the API resources exposed by the cluster. Found kind but missing group/version for ClusterRole.rbac.authorization.k8s.io/v1, ClusterRoleBinding.rbac.authorization.k8s.io/v1, Deployment.apps/v1, RoleBinding.rbac.authorization.k8s.io/v1 
Summary
CRs with diffs: 0/13
No validation issues with the cluster
No CRs are unmatched to reference CRs
Metadata Hash: $METADATA_HASH$
No patched CRs
