Found 1 matches for apps/v1_Deployment_kubernetes-dashboard_dashboard-metrics-scraper
 - deploymentMetrics.yaml - Diff score: 0
Found 1 matches for apps/v1_Deployment_kubernetes-dashboard_kubernetes-dashboard
 - deploymentDashboard.yaml - Diff score: 0
**********************************

Cluster CR: apps/v1_Deployment_kubernetes-dashboard_kubernetes-dashboard
Reference File: deploymentDashboard.yaml
Diff Output: None

**********************************

Cluster CR: apps/v1_Deployment_kubernetes-dashboard_dashboard-metrics-scraper
Reference File: deploymentMetrics.yaml
Diff Output: None

**********************************

Summary
CRs with diffs: 0/2
No validation issues with the cluster
No CRs are unmatched to reference CRs
Metadata Hash: aa4c94f1307788e1da81f57718a9f1364d35d4ff6099fc633724bcf9d051a094
No patched CRs
