<?xml version="1.0" encoding="UTF-8"?>
<testsuites name="Comparison results of known valid reference configuration and a set of specific cluster CRs" tests="3" failures="1" errors="0" skipped="0" TIME>
	<testsuite tests="1" failures="1" skipped="0" TIME name="Detected Differences Between Cluster CRs and Expected CRs" TIME>
		<properties></properties>
		<testcase classname="Matching Reference CR: cm.yaml" name="CR: v1_ConfigMap_kubernetes-dashboard_kubernetes-dashboard-settings" TIME>
			<properties></properties>
			<failure message="Differences found in CR: v1_ConfigMap_kubernetes-dashboard_kubernetes-dashboard-settings, Compared To Reference CR: cm.yaml" type="Difference">diff -u -N TEMP/v1_configmap_kubernetes-dashboard_kubernetes-dashboard-settings TEMP/v1_configmap_kubernetes-dashboard_kubernetes-dashboard-settings&#xA;--- TEMP/v1_configmap_kubernetes-dashboard_kubernetes-dashboard-settings&#x9;DATE&#xA;+++ TEMP/v1_configmap_kubernetes-dashboard_kubernetes-dashboard-settings&#x9;DATE&#xA;@@ -2,6 +2,6 @@&#xA; kind: ConfigMap&#xA; metadata:&#xA;   labels:&#xA;-    k8s-app: kubernetes-dashboardfunction was called successfully from different file&#xA;+    k8s-app: kubernetes-dashboard&#xA;   name: kubernetes-dashboard-settings&#xA;   namespace: kubernetes-dashboard&#xA;</failure>
		</testcase>
	</testsuite>
	<testsuite tests="1" failures="0" skipped="0" TIME name="Reference validation" TIME>
		<properties></properties>
		<testcase classname="" name="No reference validation issues: All expected CRs exist in the cluster" TIME>
			<properties></properties>
		</testcase>
	</testsuite>
	<testsuite tests="1" failures="0" skipped="0" TIME name="Unmatched Cluster Resources" TIME>
		<properties></properties>
		<testcase classname="" name="All Cluster CRs are matched to reference CRs " TIME>
			<properties></properties>
		</testcase>
	</testsuite>
</testsuites>