<?xml version="1.0" encoding="UTF-8"?>
<testsuites name="Comparison results of known valid reference configuration and a set of specific cluster CRs" tests="6" failures="4" errors="0" skipped="0" TIME>
	<testsuite tests="1" failures="0" skipped="0" TIME name="Detected Differences Between Cluster CRs and Expected CRs" TIME>
		<properties>
			<property name="MetadataHash" value="a6c44764d98f31e06f065e7e00b2eb9d67cc4c8f93bd222f40aac3a325b33c88"></property>
			<property name="TotalCRs" value="1"></property>
		</properties>
		<testcase classname="Matching Reference CR: ns.yaml" name="CR: v1_Namespace_kubernetes-dashboard" TIME>
			<properties></properties>
		</testcase>
	</testsuite>
	<testsuite tests="4" failures="4" skipped="0" TIME name="Reference validation" TIME>
		<properties>
			<property name="MetadataHash" value="a6c44764d98f31e06f065e7e00b2eb9d67cc4c8f93bd222f40aac3a325b33c88"></property>
			<property name="TotalCRs" value="1"></property>
		</properties>
		<testcase classname="Part:ExamplePart1 Component: Dashboard1" name="Reference validation failure" TIME>
			<properties></properties>
			<failure message="Missing CRs: cm.yaml" type="Validation Issue"></failure>
		</testcase>
		<testcase classname="Part:ExamplePart1 Component: Dashboard2" name="Reference validation failure" TIME>
			<properties></properties>
			<failure message="Missing CRs: deploymentDashboard.yaml,deploymentMetrics.yaml" type="Validation Issue"></failure>
		</testcase>
		<testcase classname="Part:ExamplePart2 Component: Dashboard1" name="Reference validation failure" TIME>
			<properties></properties>
			<failure message="Missing CRs: cr.yaml" type="Validation Issue"></failure>
		</testcase>
		<testcase classname="Part:ExamplePart2 Component: Dashboard2" name="Reference validation failure" TIME>
			<properties></properties>
			<failure message="Missing CRs: crb.yaml" type="Validation Issue"></failure>
		</testcase>
	</testsuite>
	<testsuite tests="1" failures="0" skipped="0" TIME name="Unmatched Cluster Resources" TIME>
		<properties>
			<property name="MetadataHash" value="a6c44764d98f31e06f065e7e00b2eb9d67cc4c8f93bd222f40aac3a325b33c88"></property>
			<property name="TotalCRs" value="1"></property>
		</properties>
		<testcase classname="" name="All Cluster CRs are matched to reference CRs " TIME>
			<properties></properties>
		</testcase>
	</testsuite>
</testsuites>
