<?xml version="1.0" encoding="UTF-8"?>
<testsuites name="Comparison results of known valid reference configuration and a set of specific cluster CRs" tests="4" failures="4" errors="0" TIME>
	<testsuite tests="0" failures="0" TIME name="Detected Differences Between Cluster CRs and Expected CRs" TIME>
		<properties></properties>
	</testsuite>
	<testsuite tests="1" failures="1" TIME name="Missing Cluster Resources" TIME>
		<properties></properties>
		<testcase classname="Part:ExamplePart Compomnet: DemonSets" name="Missing CR: apps.v1.DaemonSet.kube-system.kindnet.yaml" TIME>
			<properties></properties>
			<failure message="Required CR by the reference &#34;apps.v1.DaemonSet.kube-system.kindnet.yaml&#34; is missing from cluster" type="Missing Cluster CR"></failure>
		</testcase>
	</testsuite>
	<testsuite tests="3" failures="3" TIME name="Unmatched Cluster Resources" TIME>
		<properties></properties>
		<testcase classname="" name="apps/v1_DaemonSet_SomeNS_Test1" TIME>
			<properties></properties>
			<failure message="Cluster resource &#39;apps/v1_DaemonSet_SomeNS_Test1&#39; is unmatched." type="Unmatched CR"></failure>
		</testcase>
		<testcase classname="" name="apps/v1_DaemonSet_SomeNS_Test2" TIME>
			<properties></properties>
			<failure message="Cluster resource &#39;apps/v1_DaemonSet_SomeNS_Test2&#39; is unmatched." type="Unmatched CR"></failure>
		</testcase>
		<testcase classname="" name="apps/v1_DaemonSet_SomeNS_Name" TIME>
			<properties></properties>
			<failure message="Cluster resource &#39;apps/v1_DaemonSet_SomeNS_Name&#39; is unmatched." type="Unmatched CR"></failure>
		</testcase>
	</testsuite>
</testsuites>