**********************************

Cluster CR: apps/v1_Deployment_kubernetes-dashboard_dashboard-metrics-scraper
Reference File: deploymentMetrics.yaml
Diff Output: diff -u -N TEMP/apps-v1_deployment_kubernetes-dashboard_dashboard-metrics-scraper TEMP/apps-v1_deployment_kubernetes-dashboard_dashboard-metrics-scraper
--- TEMP/apps-v1_deployment_kubernetes-dashboard_dashboard-metrics-scraper	DATE
+++ TEMP/apps-v1_deployment_kubernetes-dashboard_dashboard-metrics-scraper	DATE
@@ -10,7 +10,7 @@
   revisionHistoryLimit: 10
   selector:
     matchLabels:
-      k8s-app: dashboard-metrics-scraper
+      k8s-app: dashboard-metrics-scraper-diff
   template:
     metadata:
       labels:

**********************************

Summary
CRs with diffs: 1/2
No validation issues with the cluster
No CRs are unmatched to reference CRs
Metadata Hash: f077accb087abd9b771f530230261cf5de002fe007c62a2bae1c11e1a516cec8
No patched CRs
