**********************************

Cluster CR: apps/v1_Deployment_kubernetes-dashboard_dashboard-metrics-scraper
Reference File: deploymentMetrics.yaml
Diff Output: apiVersion: apps/v1								apiVersion: apps/v1
kind: Deployment								kind: Deployment
metadata:									metadata:
  labels:									  labels:
    k8s-app: dashboard-metrics-scraper						    k8s-app: dashboard-metrics-scraper
  name: dashboard-metrics-scraper						  name: dashboard-metrics-scraper
  namespace: kubernetes-dashboard						  namespace: kubernetes-dashboard
spec:										spec:
  replicas: 1									  replicas: 1
  revisionHistoryLimit: 10							  revisionHistoryLimit: 10
  selector:									  selector:
    matchLabels:								    matchLabels:
diff -y - TEMP/apps-v1_deployment_kubernetes-dashboard_dashboard-metrics-scraper TEMP/apps-v1_deployment_kubernetes-dashboard_dashboard-metrics-scraper
      k8s-app: dashboard-metrics-scraper				  |	      k8s-app: dashboard-metrics-scraper-diff
  template:									  template:
    metadata:									    metadata:
      labels:									      labels:
        k8s-app: dashboard-metrics-scraper					        k8s-app: dashboard-metrics-scraper
    spec:									    spec:
      containers:								      containers:
      - image: kubernetesui/metrics-scraper:v1.0.8				      - image: kubernetesui/metrics-scraper:v1.0.8
        livenessProbe:								        livenessProbe:
          httpGet:								          httpGet:
            path: /								            path: /
            port: 8000								            port: 8000
            scheme: HTTP							            scheme: HTTP
          initialDelaySeconds: 30						          initialDelaySeconds: 30
          timeoutSeconds: 30							          timeoutSeconds: 30
        name: dashboard-metrics-scraper						        name: dashboard-metrics-scraper
        ports:									        ports:
        - containerPort: 8000							        - containerPort: 8000
          protocol: TCP								          protocol: TCP
        securityContext:							        securityContext:
          allowPrivilegeEscalation: false					          allowPrivilegeEscalation: false
          readOnlyRootFilesystem: true						          readOnlyRootFilesystem: true
          runAsGroup: 2001							          runAsGroup: 2001
          runAsUser: 1001							          runAsUser: 1001
        volumeMounts:								        volumeMounts:
        - mountPath: /tmp							        - mountPath: /tmp
          name: tmp-volume							          name: tmp-volume
      nodeSelector:								      nodeSelector:
        kubernetes.io/os: linux							        kubernetes.io/os: linux
      securityContext:								      securityContext:
        seccompProfile:								        seccompProfile:
          type: RuntimeDefault							          type: RuntimeDefault
      serviceAccountName: kubernetes-dashboard					      serviceAccountName: kubernetes-dashboard
      tolerations:								      tolerations:
      - effect: NoSchedule							      - effect: NoSchedule
        key: node-role.kubernetes.io/master					        key: node-role.kubernetes.io/master
      volumes:									      volumes:
      - emptyDir: {}								      - emptyDir: {}
        name: tmp-volume							        name: tmp-volume

**********************************

Summary
CRs with diffs: 1/2
No validation issues with the cluster
No CRs are unmatched to reference CRs
Metadata Hash: $METADATA_HASH$
No patched CRs
