{"Summary":{"ValidationIssuses":{"ExamplePart":{"Dashboard":{"Msg":"Missing CRs","CRs":["deploymentDashboard.yaml"]}}},"NumMissing":1,"UnmatchedCRS":[],"NumDiffCRs":1,"TotalCRs":1,"MetadataHash":"f077accb087abd9b771f530230261cf5de002fe007c62a2bae1c11e1a516cec8","patchedCRs":0},"Diffs":[{"DiffOutput":"diff -u -N TEMP/apps-v1_deployment_kubernetes-dashboard_dashboard-metrics-scraper TEMP/apps-v1_deployment_kubernetes-dashboard_dashboard-metrics-scraper\n--- TEMP/apps-v1_deployment_kubernetes-dashboard_dashboard-metrics-scraper\tDATE\n+++ TEMP/apps-v1_deployment_kubernetes-dashboard_dashboard-metrics-scraper\tDATE\n@@ -10,7 +10,7 @@\n   revisionHistoryLimit: 10\n   selector:\n     matchLabels:\n-      k8s-app: dashboard-metrics-scraper\n+      k8s-app: dashboard-metrics-scraper-diff\n   template:\n     metadata:\n       labels:\n","CorrelatedTemplate":"deploymentMetrics.yaml","CRName":"apps/v1_Deployment_kubernetes-dashboard_dashboard-metrics-scraper"}]}
