Reference Contains Templates With Types (kind) Not Supported By Cluster: ClusterRole, ClusterRoleBinding, ConfigMap, Deployment, Role, RoleBinding, Secret, Service, ServiceAccount

**********************************

Cluster CR: v1_Namespace_kubernetes-dashboard
Reference File: ns.yaml
Diff Output: None

**********************************

Summary
Diff count: 0
Successfully found all required reference resources from the cluster
Successfully compared all reference resources
